D:\dev\KnightOS\src\kernel\00/base.asm:3 (0x000000):   .nolist
D:\dev\KnightOS\src\kernel\00/base.asm:5 (0x000000):   .list
D:\dev\KnightOS\src\kernel\00/base.asm:7 Error: FileNotFound
D:\dev\KnightOS\src\kernel\00/base.asm:7 (0x000000):   #include "header.asm"
D:\dev\KnightOS\src\kernel\00/base.asm:8 Error: FileNotFound
D:\dev\KnightOS\src\kernel\00/base.asm:8 (0x000000):   #include "boot.asm"
D:\dev\KnightOS\src\kernel\00/base.asm:9 Error: FileNotFound
D:\dev\KnightOS\src\kernel\00/base.asm:9 (0x000000):   #include "errors.asm"
D:\dev\KnightOS\src\kernel\00/base.asm:10 Error: FileNotFound
D:\dev\KnightOS\src\kernel\00/base.asm:10 (0x000000):   #include "restarts.asm"
D:\dev\KnightOS\src\kernel\00/base.asm:11 Error: FileNotFound
D:\dev\KnightOS\src\kernel\00/base.asm:11 (0x000000):   #include "interrupt.asm"
D:\dev\KnightOS\src\kernel\00/base.asm:12 Error: FileNotFound
D:\dev\KnightOS\src\kernel\00/base.asm:12 (0x000000):   #include "memory.asm"
D:\dev\KnightOS\src\kernel\00/base.asm:13 Error: FileNotFound
D:\dev\KnightOS\src\kernel\00/base.asm:13 (0x000000):   #include "thread.asm"
D:\dev\KnightOS\src\kernel\00/base.asm:14 Error: FileNotFound
D:\dev\KnightOS\src\kernel\00/base.asm:14 (0x000000):   #include "signals.asm"
D:\dev\KnightOS\src\kernel\00/base.asm:15 Error: FileNotFound
D:\dev\KnightOS\src\kernel\00/base.asm:15 (0x000000):   #include "libraries.asm"
D:\dev\KnightOS\src\kernel\00/base.asm:16 Error: FileNotFound
D:\dev\KnightOS\src\kernel\00/base.asm:16 (0x000000):   #include "flash.asm"
D:\dev\KnightOS\src\kernel\00/base.asm:17 Error: FileNotFound
D:\dev\KnightOS\src\kernel\00/base.asm:17 (0x000000):   #include "knightfs.asm"
D:\dev\KnightOS\src\kernel\00/base.asm:18 Error: FileNotFound
D:\dev\KnightOS\src\kernel\00/base.asm:18 (0x000000):   #include "locks.asm"
D:\dev\KnightOS\src\kernel\00/base.asm:19 Error: FileNotFound
D:\dev\KnightOS\src\kernel\00/base.asm:19 (0x000000):   #include "display.asm"
D:\dev\KnightOS\src\kernel\00/base.asm:20 Error: FileNotFound
D:\dev\KnightOS\src\kernel\00/base.asm:20 (0x000000):   #include "keyboard.asm"
D:\dev\KnightOS\src\kernel\00/base.asm:21 Error: FileNotFound
D:\dev\KnightOS\src\kernel\00/base.asm:21 (0x000000):   #include "time.asm"
D:\dev\KnightOS\src\kernel\00/base.asm:22 Error: FileNotFound
D:\dev\KnightOS\src\kernel\00/base.asm:22 (0x000000):   #include "util.asm"
